common_config:
  docker_compose: /Users/santi/docker-compose.yml
  genesis_bin_data_file: /tmp/genesis.bin
  network_id: 14
  network_name: zabanet
  nginx_settings:
    enable_transaction_api: 'false'
    gateway_behind_auth: 'true'
    mode: docker
    protect_core: 'true'
    protect_gateway: 'true'
    release: 1.0.0-rc5
    repo: radixdlt/babylon-nginx
core_node:
  composefileurl: ''
  core_release: rcnet-v3-r4
  data_directory: /Users/santi/babylon-ledger
  enable_transaction: 'false'
  java_opts: --enable-preview -server -Xms8g -Xmx8g  -XX:MaxDirectMemorySize=2048m
    -XX:+HeapDumpOnOutOfMemoryError -XX:+UseCompressedOops -Djavax.net.ssl.trustStore=/etc/ssl/certs/java/cacerts
    -Djavax.net.ssl.trustStoreType=jks -Djava.security.egd=file:/dev/urandom -DLog4jContextSelector=org.apache.logging.log4j.core.async.AsyncLoggerContextSelector
  keydetails:
    keyfile_name: node-keystore.ks
    keyfile_path: /Users/santi/babylon-node-config
    keygen_tag: v1.4.1
    keystore_password: ''
  nodetype: fullnode
  repo: radixdlt/babylon-node
  trusted_node: ''
  validator_address: ''
gateway:
  data_aggregator:
    coreApiNode:
      Name: Core
      auth_header: ''
      basic_auth_password: ''
      basic_auth_user: ''
      core_api_address: http://core:3333/core
      disable_core_api_https_certificate_checks: 'false'
      enabled: 'true'
      request_weighting: 1
      trust_weighting: 1
    release: rcnet-v3-r2
    repo: radixdlt/babylon-ng-data-aggregator
    restart: unless-stopped
  database_migration:
    release: rcnet-v3-r2
    repo: radixdlt/babylon-ng-database-migrations
  docker_compose: /Users/santi/gateway.docker-compose.yml
  enabled: true
  gateway_api:
    coreApiNode:
      Name: Core
      auth_header: ''
      basic_auth_password: ''
      basic_auth_user: ''
      core_api_address: http://core:3333/core
      disable_core_api_https_certificate_checks: 'false'
      enabled: 'true'
      request_weighting: 1
      trust_weighting: 1
    enable_swagger: 'true'
    max_page_size: '30'
    release: rcnet-v3-r2
    repo: radixdlt/babylon-ng-gateway-api
    restart: unless-stopped
  postgres_db:
    dbname: radixdlt_ledger
    host: host.docker.internal:5432
    password: test
    setup: local
    user: postgres
migration:
  olympia_node_auth_password: ''
  olympia_node_auth_user: admin
  olympia_node_bech32_address: ''
  olympia_node_url: http://localhost:3332
  use_olympia: false
